// Jest Snapshot v1, https://goo.gl/fbAQLP

exports[`Shallow rendering Header component 1`] = `
<div
  className="header"
>
  <img
    alt="logo"
    className="header__logo"
    src="https://www.graphicsprings.com/filestorage/stencils/9ea51687148f4cfb53737a025d94caaa.png?width=500&height=500"
  />
  <h1
    className="header__title"
  >
    Mommy & Me
  </h1>
</div>
`;
